[2025-01-02T17:33:00.000Z] Update test fixtures
[2025-01-02T18:24:28.000Z] Fix test assertion
[2025-01-03T09:17:37.000Z] Expand test coverage
[2025-01-04T22:02:33.000Z] Clean up test helpers
[2025-01-05T18:07:53.000Z] Bump version
[2015-02-20T11:46:47.000Z] Clean up test helpers
[2015-02-21T09:41:01.000Z] Bump version
[2015-02-21T09:47:47.000Z] Improve type definitions
[2015-02-21T11:21:55.000Z] Fix linting warnings
[2015-02-21T11:38:35.000Z] Remove dead code
[2015-02-21T12:00:02.000Z] Enhance debug messages
[2015-02-21T17:20:54.000Z] Update comments
[2015-02-21T19:41:56.000Z] Minor performance tweak
[2015-02-21T21:19:56.000Z] Refactor validation rules
[2015-02-21T22:50:53.000Z] Update API response structure
[2015-02-22T13:28:20.000Z] Update docs
[2015-02-23T15:56:10.000Z] Update README.md
[2015-02-23T19:37:38.000Z] Fix typo in documentation
[2015-02-24T09:03:12.000Z] Improve documentation clarity
[2015-02-24T10:39:39.000Z] Add usage examples to docs
[2015-02-24T10:57:08.000Z] Clarify installation instructions
[2015-02-24T12:20:12.000Z] Document configuration options
[2015-02-24T12:55:21.000Z] Update changelog
[2015-02-24T16:41:31.000Z] Minor cleanup
[2015-02-24T17:41:32.000Z] Refactor code
[2015-02-24T19:31:08.000Z] Clean up unused variables
[2015-02-24T20:10:04.000Z] Code formatting
[2015-02-24T20:53:58.000Z] Refactor utility functions
[2015-02-25T18:00:11.000Z] Simplify helper logic
[2015-02-25T18:29:56.000Z] Improve code structure
[2015-02-25T20:28:53.000Z] Reorganize helper modules
[2015-02-26T10:13:55.000Z] Code style improvements
[2015-02-26T11:27:50.000Z] Optimize helper routine
[2015-02-26T14:00:30.000Z] Fix config
[2015-02-26T14:03:08.000Z] Update dependencies
[2015-02-26T14:07:55.000Z] Tweak build config
[2015-02-26T15:59:13.000Z] Update gitignore
[2015-02-26T16:15:02.000Z] Update environment config
[2015-02-26T17:47:10.000Z] Adjust default settings
[2015-02-26T20:15:38.000Z] Update package scripts
[2015-02-26T22:19:11.000Z] Fix minor typo
[2015-02-27T11:56:38.000Z] Handle edge case in parser
[2015-02-27T14:03:17.000Z] Improve error logging
[2015-02-27T15:17:48.000Z] Add null check
[2015-02-27T18:48:38.000Z] Fix formatting issues
[2015-02-28T14:44:09.000Z] Update constants
[2015-03-01T09:11:55.000Z] Refactor error handling
[2015-03-01T09:24:23.000Z] Tweak styling
[2015-03-01T09:28:31.000Z] Adjust color palette
[2015-03-01T16:16:17.000Z] Fix layout padding
[2015-03-01T19:14:36.000Z] Update component styles
[2015-03-02T13:27:29.000Z] Add unit tests
[2015-03-02T13:42:22.000Z] Update test fixtures
[2015-03-03T14:18:06.000Z] Fix test assertion
[2015-03-04T17:07:49.000Z] Expand test coverage
[2015-03-04T21:37:14.000Z] Clean up test helpers
[2015-03-05T11:06:21.000Z] Bump version
[2015-03-06T15:15:18.000Z] Improve type definitions
[2015-03-07T09:54:36.000Z] Fix linting warnings
[2015-03-07T10:38:27.000Z] Remove dead code
[2015-03-07T17:24:43.000Z] Enhance debug messages
[2015-03-07T22:28:31.000Z] Update comments
[2015-03-07T22:33:24.000Z] Minor performance tweak
[2015-03-07T22:53:18.000Z] Refactor validation rules
[2015-03-08T09:25:00.000Z] Update API response structure
[2015-03-08T11:41:13.000Z] Update docs
[2015-03-08T13:10:12.000Z] Update README.md
[2015-03-08T15:45:03.000Z] Fix typo in documentation
[2015-03-08T16:52:53.000Z] Improve documentation clarity
[2015-03-08T17:39:28.000Z] Add usage examples to docs
[2015-03-08T21:28:32.000Z] Clarify installation instructions
[2015-03-08T22:09:12.000Z] Document configuration options
[2015-03-08T22:53:23.000Z] Update changelog
[2015-03-09T12:15:36.000Z] Minor cleanup
[2015-03-09T13:20:04.000Z] Refactor code
[2015-03-10T12:16:35.000Z] Clean up unused variables
[2015-03-10T15:11:46.000Z] Code formatting
[2015-03-10T16:50:12.000Z] Refactor utility functions
[2015-03-10T17:09:01.000Z] Simplify helper logic
[2015-03-10T20:13:52.000Z] Improve code structure
[2015-03-10T22:11:17.000Z] Reorganize helper modules
[2015-03-10T22:12:33.000Z] Code style improvements
[2015-03-11T09:09:28.000Z] Optimize helper routine
[2015-03-11T20:39:09.000Z] Fix config
[2015-03-12T13:36:00.000Z] Update dependencies
[2015-03-12T22:27:15.000Z] Tweak build config
[2015-03-13T10:12:08.000Z] Update gitignore
[2015-03-13T14:42:30.000Z] Update environment config
[2015-03-13T18:09:40.000Z] Adjust default settings
[2015-03-13T21:34:00.000Z] Update package scripts
[2015-03-14T21:02:04.000Z] Fix minor typo
[2015-03-15T09:42:53.000Z] Handle edge case in parser
[2015-03-15T17:32:16.000Z] Improve error logging
[2015-03-16T20:35:20.000Z] Add null check
[2015-03-16T21:09:34.000Z] Fix formatting issues
[2015-03-17T15:32:13.000Z] Update constants
[2015-03-18T10:16:08.000Z] Refactor error handling
[2015-03-19T13:47:04.000Z] Tweak styling
[2015-03-19T14:11:47.000Z] Adjust color palette
[2015-03-19T17:20:55.000Z] Fix layout padding
[2015-03-19T18:04:10.000Z] Update component styles
[2015-03-19T19:24:03.000Z] Add unit tests
[2015-03-19T21:01:33.000Z] Update test fixtures
[2015-03-20T10:40:52.000Z] Fix test assertion
[2015-03-20T19:30:11.000Z] Expand test coverage
[2015-03-20T19:30:26.000Z] Adjust color palette
[2015-03-23T11:39:18.000Z] Fix layout padding
[2015-03-24T18:30:43.000Z] Update component styles
[2015-03-24T22:56:58.000Z] Add unit tests
[2015-03-25T11:22:22.000Z] Update test fixtures
[2015-03-26T19:08:55.000Z] Fix test assertion
[2015-03-26T20:11:04.000Z] Expand test coverage
[2015-03-27T16:06:12.000Z] Clean up test helpers
[2015-03-27T20:24:11.000Z] Bump version
[2015-03-28T09:01:50.000Z] Improve type definitions
[2015-03-29T12:56:21.000Z] Fix linting warnings
[2015-04-07T14:53:45.000Z] Remove dead code
[2015-04-07T15:04:33.000Z] Enhance debug messages
[2015-04-08T09:17:26.000Z] Update comments
[2015-04-09T12:44:10.000Z] Minor performance tweak
[2015-04-09T20:44:47.000Z] Refactor validation rules
[2015-04-11T15:34:16.000Z] Update API response structure
[2015-04-11T17:06:54.000Z] Update docs
[2015-04-12T11:02:49.000Z] Update README.md
[2015-04-12T18:30:06.000Z] Fix typo in documentation
[2015-04-13T12:08:39.000Z] Improve documentation clarity
[2015-04-13T15:51:48.000Z] Add usage examples to docs
[2015-04-14T14:35:41.000Z] Clarify installation instructions
[2015-04-14T22:43:52.000Z] Document configuration options
[2015-04-19T14:52:41.000Z] Update changelog
[2015-04-20T10:09:55.000Z] Minor cleanup
[2015-04-20T19:16:09.000Z] Refactor code
[2015-04-20T19:27:43.000Z] Clean up unused variables
[2015-04-20T20:21:42.000Z] Code formatting
[2015-04-21T09:26:48.000Z] Refactor utility functions
[2015-04-21T22:17:55.000Z] Simplify helper logic
[2015-04-23T14:53:16.000Z] Improve code structure
[2015-04-23T20:27:20.000Z] Reorganize helper modules
[2015-04-25T09:59:35.000Z] Code style improvements
[2015-04-26T16:32:05.000Z] Optimize helper routine
[2015-04-27T09:07:41.000Z] Fix config
[2015-04-27T21:42:47.000Z] Update dependencies
[2015-04-30T14:14:36.000Z] Tweak build config
[2015-05-04T20:11:01.000Z] Update gitignore
[2015-05-08T09:58:48.000Z] Update environment config
[2015-05-11T20:45:10.000Z] Adjust default settings
[2015-05-12T13:18:51.000Z] Update package scripts
[2015-05-17T11:25:49.000Z] Fix minor typo
[2015-05-17T21:23:16.000Z] Handle edge case in parser
[2015-05-22T09:42:55.000Z] Improve error logging
[2015-05-22T13:35:01.000Z] Add null check
[2015-05-24T14:21:26.000Z] Fix formatting issues
[2015-05-24T19:03:29.000Z] Update constants
[2015-05-26T13:09:40.000Z] Refactor error handling
[2015-05-28T15:45:32.000Z] Tweak styling
[2015-05-28T19:19:51.000Z] Adjust color palette
[2015-05-28T21:04:57.000Z] Fix layout padding
[2015-05-28T21:50:03.000Z] Update component styles
[2015-05-29T21:40:24.000Z] Add unit tests
[2015-06-04T19:21:59.000Z] Update test fixtures
[2015-06-06T09:12:31.000Z] Fix test assertion
[2015-06-06T11:48:08.000Z] Expand test coverage
[2015-06-11T17:43:56.000Z] Clean up test helpers
[2015-06-11T19:31:56.000Z] Bump version
[2015-06-19T10:57:04.000Z] Improve type definitions
[2015-06-20T14:51:17.000Z] Fix linting warnings
[2015-06-20T20:21:27.000Z] Remove dead code
[2015-06-20T22:37:10.000Z] Enhance debug messages
[2015-06-23T09:41:27.000Z] Update comments
[2015-06-27T12:28:22.000Z] Minor performance tweak
[2015-06-27T18:02:23.000Z] Refactor validation rules
[2015-06-27T21:03:00.000Z] Update API response structure
[2015-06-28T13:41:35.000Z] Update docs
[2015-07-01T09:35:51.000Z] Update README.md
[2015-07-03T21:20:27.000Z] Fix typo in documentation
[2015-07-04T21:06:46.000Z] Improve documentation clarity
[2015-07-06T14:19:04.000Z] Add usage examples to docs
[2015-07-12T11:31:03.000Z] Clarify installation instructions
[2015-07-12T18:53:03.000Z] Document configuration options
[2015-07-13T19:37:31.000Z] Update changelog
[2015-07-18T11:05:50.000Z] Minor cleanup
[2015-07-21T14:03:47.000Z] Refactor code
[2015-07-23T22:00:51.000Z] Clean up unused variables
[2015-07-24T14:04:41.000Z] Code formatting
[2015-07-24T16:20:00.000Z] Refactor utility functions
[2015-07-25T14:39:26.000Z] Simplify helper logic
[2015-07-25T20:18:16.000Z] Improve code structure
[2015-07-30T13:40:03.000Z] Reorganize helper modules
[2015-07-31T20:04:23.000Z] Code style improvements
[2015-08-02T15:46:38.000Z] Optimize helper routine
[2015-08-03T18:53:46.000Z] Fix config
[2015-08-09T09:15:53.000Z] Update dependencies
[2015-08-12T10:26:04.000Z] Tweak build config
[2015-08-12T12:58:25.000Z] Update gitignore
[2015-08-14T09:49:08.000Z] Update environment config
[2015-08-14T13:50:49.000Z] Adjust default settings
[2015-08-14T17:02:48.000Z] Update package scripts
[2015-08-15T15:16:54.000Z] Fix minor typo
[2015-08-16T10:23:22.000Z] Handle edge case in parser
[2015-08-16T22:54:14.000Z] Improve error logging
[2015-08-17T21:16:30.000Z] Add null check
[2015-08-18T11:52:56.000Z] Fix formatting issues
[2015-08-18T15:49:12.000Z] Update constants
[2015-08-18T20:55:59.000Z] Refactor error handling
[2015-08-20T22:21:44.000Z] Tweak styling
[2026-08-09T17:55:21.000Z] Improve documentation clarity
[2026-08-10T14:07:07.000Z] Add usage examples to docs
[2026-08-10T16:09:12.000Z] Clarify installation instructions
[2026-08-10T20:21:31.000Z] Document configuration options
[2026-08-10T22:17:46.000Z] Update changelog
[2026-08-11T10:02:22.000Z] Minor cleanup
[2026-08-11T13:36:06.000Z] Refactor code
[2026-08-11T15:30:56.000Z] Clean up unused variables
[2026-08-11T16:30:58.000Z] Code formatting
[2026-08-11T16:42:31.000Z] Refactor utility functions
[2026-08-11T20:27:27.000Z] Simplify helper logic
[2026-08-11T21:33:11.000Z] Improve code structure
[2026-08-11T22:39:36.000Z] Reorganize helper modules
[2026-08-12T11:14:27.000Z] Code style improvements
[2026-08-12T13:00:16.000Z] Optimize helper routine
[2026-08-13T15:22:21.000Z] Fix config
[2026-08-14T14:39:11.000Z] Update dependencies
[2026-08-14T16:21:08.000Z] Tweak build config
[2026-08-15T13:23:51.000Z] Update gitignore
[2026-08-15T17:14:50.000Z] Update environment config
[2026-08-16T11:36:37.000Z] Adjust default settings
[2026-08-16T14:14:07.000Z] Update package scripts
[2026-08-16T17:14:02.000Z] Fix minor typo
[2026-08-16T18:26:59.000Z] Handle edge case in parser
[2026-08-16T19:27:59.000Z] Improve error logging
[2026-08-16T20:49:13.000Z] Add null check
[2026-08-16T22:02:18.000Z] Fix formatting issues
[2026-08-17T11:36:49.000Z] Update constants
[2026-08-17T22:23:20.000Z] Refactor error handling
[2026-08-18T15:17:11.000Z] Tweak styling
[2026-08-19T10:33:49.000Z] Adjust color palette
[2026-08-19T20:18:21.000Z] Fix layout padding
[2026-08-20T17:24:03.000Z] Update component styles
[2026-08-20T18:41:01.000Z] Add unit tests
[2026-08-21T10:14:41.000Z] Update test fixtures
[2026-08-22T09:53:33.000Z] Fix test assertion
[2026-08-22T10:57:26.000Z] Expand test coverage
[2026-08-22T11:38:16.000Z] Clean up test helpers
[2026-08-22T12:40:26.000Z] Bump version
[2026-08-22T16:28:02.000Z] Improve type definitions
[2026-08-22T16:50:34.000Z] Fix linting warnings
[2026-08-22T16:51:20.000Z] Remove dead code
[2026-08-22T17:09:18.000Z] Enhance debug messages
[2026-08-22T17:25:08.000Z] Update comments
[2026-08-22T17:56:47.000Z] Minor performance tweak
[2026-08-22T19:42:47.000Z] Refactor validation rules
[2026-08-22T20:02:56.000Z] Update API response structure
[2026-08-23T18:07:43.000Z] Update docs
[2026-08-23T19:03:57.000Z] Update README.md
[2026-08-24T09:51:10.000Z] Fix typo in documentation
[2026-08-25T15:35:32.000Z] Improve documentation clarity
[2026-08-25T17:53:55.000Z] Add usage examples to docs
[2026-08-25T19:08:13.000Z] Clarify installation instructions
[2026-08-25T21:19:43.000Z] Document configuration options
[2026-08-25T21:58:58.000Z] Update changelog
[2026-08-26T22:08:04.000Z] Minor cleanup
[2026-08-27T11:34:41.000Z] Refactor code
[2026-08-27T13:17:57.000Z] Clean up unused variables
[2026-08-27T15:16:55.000Z] Code formatting
[2026-08-28T13:16:01.000Z] Refactor utility functions
[2026-08-28T18:32:14.000Z] Simplify helper logic
[2026-08-28T20:47:00.000Z] Improve code structure
[2026-08-29T11:36:28.000Z] Reorganize helper modules
[2026-08-29T15:43:01.000Z] Code style improvements
[2026-08-29T16:21:26.000Z] Optimize helper routine
[2026-08-29T16:52:45.000Z] Fix config
[2026-08-29T17:10:58.000Z] Update dependencies
[2026-08-29T17:42:22.000Z] Tweak build config
[2026-08-29T18:13:29.000Z] Update gitignore
[2026-08-29T20:04:37.000Z] Update environment config
[2026-08-29T20:30:13.000Z] Adjust default settings
[2026-08-29T20:44:03.000Z] Update package scripts
[2026-08-29T21:38:29.000Z] Fix minor typo
[2026-08-29T21:58:13.000Z] Handle edge case in parser
[2026-08-30T22:33:39.000Z] Improve error logging
[2026-08-31T09:27:32.000Z] Add null check
[2026-08-31T10:39:43.000Z] Fix formatting issues
[2026-08-31T16:31:14.000Z] Update constants
[2026-08-31T20:17:52.000Z] Refactor error handling
[2026-09-01T11:26:52.000Z] Tweak styling
[2026-09-01T11:30:21.000Z] Adjust color palette
[2026-09-02T11:26:02.000Z] Fix layout padding
[2026-09-03T09:02:14.000Z] Update component styles
[2026-09-03T17:01:14.000Z] Add unit tests
[2026-09-03T17:37:15.000Z] Update test fixtures
[2026-09-04T10:38:23.000Z] Fix test assertion
[2026-09-05T13:27:11.000Z] Expand test coverage
[2026-09-06T10:24:48.000Z] Clean up test helpers
[2026-09-06T17:40:51.000Z] Bump version
[2026-09-06T18:47:34.000Z] Improve type definitions
[2026-09-07T13:30:31.000Z] Fix linting warnings
[2026-09-07T21:21:47.000Z] Remove dead code
[2026-09-08T09:01:37.000Z] Enhance debug messages
[2026-09-08T12:55:04.000Z] Update comments
[2026-09-08T13:01:50.000Z] Minor performance tweak
[2026-09-08T13:18:18.000Z] Refactor validation rules
[2026-09-08T14:15:33.000Z] Update API response structure
[2026-09-08T19:57:49.000Z] Update docs
[2026-09-08T21:10:56.000Z] Update README.md
[2026-09-08T21:42:32.000Z] Fix typo in documentation
[2026-08-10T10:20:03.000Z] Update test fixtures
[2026-08-20T16:33:33.000Z] Fix test assertion
[2026-08-22T13:14:04.000Z] Expand test coverage
[2026-08-24T17:10:18.000Z] Clean up test helpers
[2026-08-26T19:22:27.000Z] Bump version
[2026-09-01T14:45:33.000Z] Improve type definitions
[2026-09-01T17:56:15.000Z] Fix linting warnings
[2026-09-04T14:03:26.000Z] Remove dead code
[2026-09-04T16:32:16.000Z] Enhance debug messages
[2026-09-06T10:03:20.000Z] Update comments
[2026-08-09T21:54:35.000Z] Improve error logging
[2026-08-09T22:08:33.000Z] Add null check
[2026-08-17T15:01:56.000Z] Fix formatting issues
[2026-08-19T09:30:29.000Z] Update constants
[2026-08-19T10:50:33.000Z] Refactor error handling
[2026-08-27T20:55:07.000Z] Tweak styling
[2026-09-03T12:30:04.000Z] Adjust color palette
[2026-09-06T19:05:36.000Z] Fix layout padding
[2026-09-06T22:06:10.000Z] Update component styles
[2026-09-07T14:03:25.000Z] Add unit tests
[2026-08-10T12:45:11.000Z] Fix test assertion
[2026-08-12T09:36:52.000Z] Expand test coverage
[2026-08-16T17:56:06.000Z] Clean up test helpers
[2026-08-16T18:13:48.000Z] Bump version
[2026-08-20T13:13:58.000Z] Improve type definitions
[2026-08-20T19:56:21.000Z] Fix linting warnings
[2026-08-25T13:37:50.000Z] Remove dead code
[2026-08-25T18:20:27.000Z] Enhance debug messages
[2026-08-26T17:19:42.000Z] Update comments
[2026-09-05T19:50:30.000Z] Minor performance tweak
[2026-08-11T20:16:57.000Z] Improve code structure
[2026-08-12T21:50:08.000Z] Reorganize helper modules
[2026-08-14T14:51:34.000Z] Code style improvements
[2026-08-17T19:42:36.000Z] Optimize helper routine
[2026-08-20T19:53:01.000Z] Fix config
[2026-08-25T18:03:46.000Z] Update dependencies
[2026-09-03T15:57:44.000Z] Tweak build config
[2026-09-05T18:52:59.000Z] Update gitignore
[2026-09-06T13:08:08.000Z] Update environment config
[2026-09-06T15:10:02.000Z] Adjust default settings
[2026-08-09T19:07:28.000Z] Handle edge case in parser
[2026-08-11T19:15:44.000Z] Improve error logging
[2026-08-17T18:24:27.000Z] Add null check
[2026-08-21T11:32:42.000Z] Fix formatting issues
[2026-08-21T16:42:53.000Z] Update constants
[2026-08-21T17:43:01.000Z] Refactor error handling
[2026-08-31T15:32:50.000Z] Tweak styling
[2026-09-01T18:29:35.000Z] Adjust color palette
[2026-09-03T12:24:49.000Z] Fix layout padding
[2026-09-06T20:41:43.000Z] Update component styles
[2026-08-15T14:21:06.000Z] Fix config
[2026-08-18T15:38:21.000Z] Update dependencies
[2026-08-20T15:52:18.000Z] Tweak build config
[2026-08-24T12:52:13.000Z] Update gitignore
[2026-08-24T20:16:17.000Z] Update environment config
[2026-08-25T16:03:09.000Z] Adjust default settings
[2026-08-26T09:36:54.000Z] Update package scripts
[2026-08-26T11:01:32.000Z] Fix minor typo
[2026-08-27T21:25:25.000Z] Handle edge case in parser
[2026-09-01T20:29:14.000Z] Improve error logging
[2026-08-10T11:18:57.000Z] Adjust color palette
[2026-08-12T22:30:21.000Z] Fix layout padding
[2026-08-15T17:04:39.000Z] Update component styles
[2026-08-21T22:34:57.000Z] Add unit tests
[2026-08-26T17:14:45.000Z] Update test fixtures
[2026-08-28T18:47:48.000Z] Fix test assertion
[2026-08-30T18:04:55.000Z] Expand test coverage
[2026-08-31T18:49:27.000Z] Clean up test helpers
[2026-09-01T11:46:35.000Z] Bump version
[2026-09-06T12:24:58.000Z] Improve type definitions
[2026-08-15T20:19:46.000Z] Minor cleanup
[2026-08-19T22:54:43.000Z] Refactor code
[2026-08-20T10:19:47.000Z] Clean up unused variables
[2026-08-21T09:28:43.000Z] Code formatting
[2026-08-26T13:18:55.000Z] Refactor utility functions
[2026-08-28T10:29:13.000Z] Simplify helper logic
[2026-08-30T10:00:39.000Z] Improve code structure
[2026-08-31T11:51:42.000Z] Reorganize helper modules
[2026-08-31T19:10:07.000Z] Code style improvements
[2026-09-05T17:32:18.000Z] Optimize helper routine
[2025-09-30T10:10:16.000Z] Simplify helper logic
[2025-09-30T22:28:36.000Z] Improve code structure
[2025-10-01T10:39:35.000Z] Reorganize helper modules
[2025-10-01T12:25:59.000Z] Code style improvements
[2025-10-01T13:52:35.000Z] Optimize helper routine
[2025-10-01T15:34:17.000Z] Fix config
[2025-10-01T17:25:23.000Z] Update dependencies
[2025-10-01T17:54:36.000Z] Tweak build config
[2025-10-03T18:43:17.000Z] Update gitignore
[2025-10-03T21:01:10.000Z] Update environment config
[2025-10-04T12:36:33.000Z] Adjust default settings
[2025-10-04T21:20:44.000Z] Update package scripts
[2025-10-05T09:40:02.000Z] Fix minor typo
[2025-10-05T19:17:31.000Z] Handle edge case in parser
[2025-10-08T10:19:13.000Z] Improve error logging
[2025-10-08T11:55:41.000Z] Add null check
[2025-10-08T16:21:18.000Z] Fix formatting issues
[2025-10-08T16:36:50.000Z] Update constants
[2025-10-08T16:48:17.000Z] Refactor error handling
[2025-10-08T17:18:06.000Z] Tweak styling
[2025-10-08T17:41:22.000Z] Adjust color palette
[2025-10-08T18:30:45.000Z] Fix layout padding
[2025-10-08T21:52:31.000Z] Update component styles
[2025-10-08T22:46:15.000Z] Add unit tests
[2025-10-09T18:58:31.000Z] Update test fixtures
[2025-10-12T11:39:38.000Z] Fix test assertion
[2025-10-12T12:43:43.000Z] Expand test coverage
[2025-10-12T19:35:51.000Z] Clean up test helpers
[2025-10-12T22:14:00.000Z] Bump version
[2025-10-14T14:37:35.000Z] Improve type definitions
[2025-10-14T14:40:43.000Z] Fix linting warnings
[2025-10-14T16:59:42.000Z] Remove dead code
[2025-10-14T19:50:38.000Z] Enhance debug messages
[2025-10-14T21:22:07.000Z] Update comments
[2025-10-15T09:33:34.000Z] Minor performance tweak
[2025-10-15T16:12:18.000Z] Refactor validation rules
[2025-10-15T19:05:05.000Z] Update API response structure
[2025-10-16T09:51:42.000Z] Update docs
[2025-10-16T22:38:09.000Z] Update README.md
[2025-10-17T11:02:03.000Z] Fix typo in documentation
[2025-10-17T12:27:20.000Z] Improve documentation clarity
[2025-10-17T13:36:53.000Z] Add usage examples to docs
[2025-10-17T14:24:01.000Z] Clarify installation instructions
[2025-10-17T15:56:35.000Z] Document configuration options
[2025-10-17T21:57:54.000Z] Update changelog
[2025-10-20T09:02:17.000Z] Minor cleanup
[2025-10-20T09:06:55.000Z] Refactor code
[2025-10-20T10:33:01.000Z] Clean up unused variables
[2025-10-20T18:22:14.000Z] Code formatting
[2025-10-20T19:59:53.000Z] Refactor utility functions
[2025-10-20T20:06:34.000Z] Simplify helper logic
[2025-10-21T20:24:59.000Z] Improve code structure
[2025-10-23T09:17:46.000Z] Reorganize helper modules
[2025-10-23T10:03:31.000Z] Code style improvements
[2025-10-23T13:09:41.000Z] Optimize helper routine
[2025-10-23T14:31:10.000Z] Fix config
[2025-10-24T14:48:53.000Z] Update dependencies
[2025-10-24T16:00:20.000Z] Tweak build config
[2025-10-24T17:19:53.000Z] Update gitignore
[2025-10-24T21:50:35.000Z] Update environment config
[2025-10-25T12:32:26.000Z] Adjust default settings
[2025-10-25T16:39:31.000Z] Update package scripts
[2025-10-25T22:39:29.000Z] Fix minor typo
[2025-10-26T14:34:37.000Z] Handle edge case in parser
[2025-10-26T15:32:35.000Z] Improve error logging
[2025-10-26T22:31:38.000Z] Add null check
[2025-10-28T13:29:22.000Z] Fix formatting issues
[2025-10-28T19:44:33.000Z] Update constants
[2025-10-29T12:09:52.000Z] Refactor error handling
[2025-10-29T12:29:54.000Z] Tweak styling
[2025-10-29T13:49:23.000Z] Adjust color palette
[2025-10-29T15:34:15.000Z] Fix layout padding
[2025-10-29T20:04:21.000Z] Update component styles
[2025-10-29T21:04:55.000Z] Add unit tests
[2025-10-30T11:05:21.000Z] Update test fixtures
[2025-10-30T18:09:06.000Z] Fix test assertion
[2025-10-30T19:25:31.000Z] Expand test coverage
[2025-10-31T22:51:33.000Z] Clean up test helpers
[2025-11-01T09:16:32.000Z] Bump version
[2025-11-01T10:06:14.000Z] Improve type definitions
[2025-11-01T15:05:52.000Z] Fix linting warnings
[2025-11-01T17:53:52.000Z] Remove dead code
[2025-11-01T18:28:02.000Z] Enhance debug messages
[2025-11-01T22:03:19.000Z] Update comments
[2025-11-02T13:07:42.000Z] Minor performance tweak
[2025-11-02T14:09:32.000Z] Refactor validation rules
[2025-11-02T17:01:04.000Z] Update API response structure
[2025-11-02T17:44:45.000Z] Update docs
[2025-11-02T18:10:08.000Z] Update README.md
[2025-11-02T20:39:35.000Z] Fix typo in documentation
[2025-11-02T22:12:08.000Z] Improve documentation clarity
[2025-11-03T09:55:41.000Z] Add usage examples to docs
[2025-11-03T14:41:16.000Z] Clarify installation instructions
[2025-11-03T21:39:15.000Z] Document configuration options
[2025-11-05T13:43:52.000Z] Update changelog
[2025-11-05T14:53:36.000Z] Minor cleanup
[2025-11-05T15:02:54.000Z] Refactor code
[2025-11-05T18:32:13.000Z] Clean up unused variables
[2025-11-05T22:48:54.000Z] Code formatting
[2025-11-06T11:39:05.000Z] Refactor utility functions
[2025-11-06T16:26:30.000Z] Simplify helper logic
[2025-11-06T18:48:28.000Z] Improve code structure
[2025-11-06T21:41:12.000Z] Reorganize helper modules
[2025-11-08T16:36:50.000Z] Code style improvements
[2025-11-09T10:09:33.000Z] Optimize helper routine
[2025-11-09T10:38:44.000Z] Fix config
[2025-11-09T14:15:53.000Z] Update dependencies
[2025-11-09T16:43:33.000Z] Tweak build config
[2025-11-09T17:23:09.000Z] Update gitignore
[2025-11-09T21:42:37.000Z] Update environment config
[2025-11-10T13:37:02.000Z] Adjust default settings
[2025-11-10T15:12:00.000Z] Update package scripts
[2025-11-10T15:56:33.000Z] Fix minor typo
[2025-11-10T16:13:03.000Z] Handle edge case in parser
[2025-11-10T20:15:56.000Z] Improve error logging
[2025-11-11T09:34:26.000Z] Add null check
[2025-11-11T09:51:23.000Z] Fix formatting issues
[2025-11-11T09:53:03.000Z] Update constants
[2025-11-11T12:51:32.000Z] Refactor error handling
[2025-11-11T13:35:12.000Z] Tweak styling
[2025-11-11T16:27:37.000Z] Adjust color palette
[2025-11-11T19:35:16.000Z] Fix layout padding
[2025-11-11T19:40:37.000Z] Update component styles
[2025-11-11T20:12:56.000Z] Add unit tests
[2025-11-11T20:50:56.000Z] Update test fixtures
[2025-11-11T21:25:42.000Z] Fix test assertion
[2025-11-14T21:37:36.000Z] Expand test coverage
[2025-11-16T15:47:46.000Z] Clean up test helpers
[2025-11-16T17:06:31.000Z] Bump version
[2025-11-17T09:17:52.000Z] Improve type definitions
[2025-11-17T10:47:35.000Z] Fix linting warnings
[2025-11-17T12:01:39.000Z] Remove dead code
[2025-11-17T16:12:46.000Z] Enhance debug messages
[2025-11-17T16:12:48.000Z] Update comments
[2025-11-17T16:28:19.000Z] Minor performance tweak
[2025-11-17T17:00:12.000Z] Refactor validation rules
[2025-11-17T18:24:11.000Z] Update API response structure
[2025-11-17T19:42:44.000Z] Update docs
[2025-11-20T18:30:00.000Z] Update README.md
[2025-11-21T11:24:00.000Z] Fix typo in documentation
[2025-11-22T10:28:55.000Z] Improve documentation clarity
[2025-11-22T11:52:23.000Z] Add usage examples to docs
[2025-11-22T11:57:25.000Z] Clarify installation instructions
[2025-11-22T15:04:23.000Z] Document configuration options
[2025-11-22T15:24:43.000Z] Update changelog
[2025-11-22T16:50:19.000Z] Minor cleanup
[2025-11-22T19:20:17.000Z] Refactor code
[2025-11-23T11:50:37.000Z] Clean up unused variables
[2025-11-23T12:22:46.000Z] Code formatting
[2025-11-23T19:48:06.000Z] Refactor utility functions
[2025-11-26T10:36:14.000Z] Simplify helper logic
[2025-11-26T21:36:40.000Z] Improve code structure
[2025-11-27T09:27:23.000Z] Reorganize helper modules
[2025-11-27T12:02:11.000Z] Code style improvements
[2025-11-28T09:01:12.000Z] Optimize helper routine
[2025-11-28T13:05:59.000Z] Fix config
[2025-11-28T13:48:55.000Z] Update dependencies
[2025-11-28T16:38:53.000Z] Tweak build config
[2025-11-28T17:53:09.000Z] Update gitignore
[2025-11-28T18:01:39.000Z] Update environment config
[2025-11-28T18:09:23.000Z] Adjust default settings
[2025-11-29T09:47:14.000Z] Update package scripts
[2025-11-29T12:26:14.000Z] Fix minor typo
[2025-11-29T12:31:34.000Z] Handle edge case in parser
[2025-11-29T12:41:28.000Z] Improve error logging
[2025-11-29T15:08:37.000Z] Add null check
[2025-11-29T16:41:41.000Z] Fix formatting issues
[2025-11-29T17:55:12.000Z] Update constants
[2025-11-29T20:49:28.000Z] Refactor error handling
[2025-11-29T21:51:43.000Z] Tweak styling
[2025-11-29T21:52:39.000Z] Adjust color palette
[2025-12-01T18:57:53.000Z] Fix layout padding
[2025-12-02T09:08:43.000Z] Update component styles
[2025-12-02T11:26:12.000Z] Add unit tests
[2025-12-02T11:46:17.000Z] Update test fixtures
[2025-12-02T12:20:25.000Z] Fix test assertion
[2025-12-02T13:41:41.000Z] Expand test coverage
[2025-12-02T13:58:11.000Z] Clean up test helpers
[2025-12-02T14:20:44.000Z] Bump version
[2025-12-02T19:39:50.000Z] Improve type definitions
[2025-12-02T19:56:49.000Z] Fix linting warnings
[2025-12-02T21:18:18.000Z] Remove dead code
[2025-12-02T22:01:00.000Z] Enhance debug messages
[2025-12-02T22:41:55.000Z] Update comments
[2025-12-02T22:47:07.000Z] Minor performance tweak
[2025-12-03T09:36:12.000Z] Refactor validation rules
[2025-12-03T13:33:38.000Z] Update API response structure
[2025-12-03T14:51:43.000Z] Update docs
[2025-12-03T19:32:37.000Z] Update README.md
[2025-12-04T11:30:37.000Z] Fix typo in documentation
[2025-12-04T18:16:59.000Z] Improve documentation clarity
[2025-12-04T20:07:07.000Z] Add usage examples to docs
[2025-12-05T10:14:29.000Z] Clarify installation instructions
[2025-12-05T21:27:06.000Z] Document configuration options
[2025-12-06T09:56:10.000Z] Update changelog
[2025-12-06T20:12:42.000Z] Minor cleanup
[2025-12-07T16:28:22.000Z] Refactor code
[2025-12-07T18:00:56.000Z] Clean up unused variables
[2025-12-07T18:32:52.000Z] Code formatting
[2025-12-07T19:06:33.000Z] Refactor utility functions
[2025-12-07T19:40:29.000Z] Simplify helper logic
[2025-12-07T22:34:59.000Z] Improve code structure
[2025-12-09T09:49:58.000Z] Reorganize helper modules
[2025-12-10T09:03:18.000Z] Code style improvements
[2025-12-10T09:47:41.000Z] Optimize helper routine
[2025-12-10T11:59:06.000Z] Fix config
[2025-12-10T12:09:55.000Z] Update dependencies
[2025-12-10T12:29:48.000Z] Tweak build config
[2025-12-10T12:37:09.000Z] Update gitignore
[2025-12-10T14:58:09.000Z] Update environment config
[2025-12-10T15:22:44.000Z] Adjust default settings
[2025-12-10T15:30:18.000Z] Update package scripts
[2025-12-10T18:21:56.000Z] Fix minor typo
[2025-12-10T18:35:08.000Z] Handle edge case in parser
[2025-12-10T18:54:09.000Z] Improve error logging
[2025-12-13T09:39:02.000Z] Add null check
[2025-12-13T14:55:25.000Z] Fix formatting issues
[2025-12-14T16:01:53.000Z] Update constants
[2025-12-14T18:53:53.000Z] Refactor error handling
[2025-12-14T19:25:19.000Z] Tweak styling
[2025-12-15T09:12:28.000Z] Adjust color palette
[2025-12-15T09:17:01.000Z] Fix layout padding
[2025-12-15T13:02:26.000Z] Update component styles
[2025-12-15T14:05:19.000Z] Add unit tests
[2025-12-15T15:03:06.000Z] Update test fixtures
[2025-12-15T21:32:46.000Z] Fix test assertion
[2025-12-15T22:42:00.000Z] Expand test coverage
[2025-12-16T11:26:50.000Z] Clean up test helpers
[2025-12-16T14:47:37.000Z] Bump version
[2025-12-16T19:14:44.000Z] Improve type definitions
[2025-12-16T19:52:13.000Z] Fix linting warnings
[2025-12-16T20:33:40.000Z] Remove dead code
[2025-12-18T10:17:32.000Z] Enhance debug messages
[2025-12-18T13:49:21.000Z] Update comments
[2025-12-18T15:10:25.000Z] Minor performance tweak
[2025-12-18T15:52:13.000Z] Refactor validation rules
[2025-12-18T16:34:09.000Z] Update API response structure
[2025-12-18T19:33:09.000Z] Update docs
[2025-12-18T20:04:19.000Z] Update README.md
[2025-12-18T20:16:22.000Z] Fix typo in documentation
[2025-12-18T20:18:30.000Z] Improve documentation clarity
[2025-12-18T21:48:43.000Z] Add usage examples to docs
[2025-12-18T22:26:01.000Z] Clarify installation instructions
[2025-12-22T12:02:39.000Z] Document configuration options
[2025-12-22T13:11:59.000Z] Update changelog
[2025-12-22T16:47:09.000Z] Minor cleanup
[2025-12-22T21:31:39.000Z] Refactor code
[2025-12-22T21:44:04.000Z] Clean up unused variables
[2025-12-22T22:55:22.000Z] Code formatting
[2025-12-23T09:33:22.000Z] Refactor utility functions
[2025-12-23T11:15:37.000Z] Simplify helper logic
[2025-12-23T17:22:33.000Z] Improve code structure
[2025-12-23T17:47:49.000Z] Reorganize helper modules
[2025-12-23T18:06:35.000Z] Code style improvements
[2025-12-24T15:30:40.000Z] Optimize helper routine
[2025-12-24T19:42:32.000Z] Fix config
[2025-12-24T22:44:12.000Z] Update dependencies
[2025-12-25T22:12:14.000Z] Tweak build config
[2025-12-26T10:15:35.000Z] Update gitignore
[2025-12-26T11:12:07.000Z] Update environment config
[2025-12-26T12:39:36.000Z] Adjust default settings
[2025-12-26T13:12:09.000Z] Update package scripts
[2025-12-28T13:55:49.000Z] Fix minor typo
[2025-12-28T21:56:39.000Z] Handle edge case in parser
[2025-12-30T17:38:50.000Z] Improve error logging
[2025-10-03T09:38:29.000Z] Refactor utility functions
[2025-10-10T16:03:46.000Z] Simplify helper logic
[2025-10-14T22:50:44.000Z] Improve code structure
[2025-10-20T17:34:15.000Z] Reorganize helper modules
[2025-10-24T21:40:07.000Z] Code style improvements
[2025-12-02T12:42:47.000Z] Optimize helper routine
[2025-12-04T16:11:24.000Z] Fix config
[2025-12-11T21:19:20.000Z] Update dependencies
[2025-12-17T15:28:47.000Z] Tweak build config
[2025-12-22T19:29:22.000Z] Update gitignore
[2025-10-01T12:29:31.000Z] Update docs
[2025-10-19T16:33:18.000Z] Update README.md
[2025-11-02T15:38:31.000Z] Fix typo in documentation
[2025-11-14T16:52:27.000Z] Improve documentation clarity
[2025-11-14T21:41:18.000Z] Add usage examples to docs
[2025-11-21T16:44:24.000Z] Clarify installation instructions
[2025-12-02T11:32:17.000Z] Document configuration options
[2025-12-17T09:25:30.000Z] Update changelog
[2025-12-27T11:48:11.000Z] Minor cleanup
[2025-12-29T17:31:22.000Z] Refactor code
[2025-10-01T10:13:58.000Z] Add usage examples to docs
[2025-10-05T19:10:42.000Z] Clarify installation instructions
[2025-10-13T21:31:53.000Z] Document configuration options
[2025-10-17T14:36:24.000Z] Update changelog
[2025-11-08T12:52:15.000Z] Minor cleanup
[2025-11-08T22:00:42.000Z] Refactor code
[2025-11-08T22:39:03.000Z] Clean up unused variables
[2025-11-15T16:13:15.000Z] Code formatting
[2025-11-22T17:57:54.000Z] Refactor utility functions
[2025-12-29T16:04:06.000Z] Simplify helper logic
[2025-10-07T16:31:55.000Z] Minor cleanup
[2025-10-18T21:26:08.000Z] Refactor code
[2025-11-12T15:05:55.000Z] Clean up unused variables
[2025-11-17T15:51:15.000Z] Code formatting
[2025-11-21T14:06:39.000Z] Refactor utility functions
[2025-12-13T11:07:08.000Z] Simplify helper logic
[2025-12-18T09:43:04.000Z] Improve code structure
[2025-12-18T09:45:00.000Z] Reorganize helper modules
[2025-12-18T19:14:10.000Z] Code style improvements
[2025-12-30T13:51:07.000Z] Optimize helper routine
[2025-10-09T12:57:07.000Z] Minor cleanup
[2025-10-21T20:37:41.000Z] Refactor code
[2025-11-04T15:18:43.000Z] Clean up unused variables
[2025-11-09T11:46:42.000Z] Code formatting
[2025-11-17T22:54:57.000Z] Refactor utility functions
[2025-11-24T17:03:34.000Z] Simplify helper logic
[2025-12-11T10:28:49.000Z] Improve code structure
[2025-12-18T15:22:45.000Z] Reorganize helper modules
[2025-12-28T12:51:45.000Z] Code style improvements
[2025-12-28T16:45:10.000Z] Optimize helper routine
[2025-10-06T14:32:40.000Z] Refactor code
[2025-10-14T12:10:28.000Z] Clean up unused variables
[2025-10-20T13:05:24.000Z] Code formatting
[2025-10-20T14:45:58.000Z] Refactor utility functions
[2025-11-04T09:16:10.000Z] Simplify helper logic
[2025-11-05T12:12:24.000Z] Improve code structure
[2025-11-18T14:29:28.000Z] Reorganize helper modules
[2025-11-26T13:37:33.000Z] Code style improvements
[2025-11-27T21:58:56.000Z] Optimize helper routine
[2025-12-08T13:45:07.000Z] Fix config
[2025-10-09T21:51:26.000Z] Adjust color palette
[2025-10-10T11:05:36.000Z] Fix layout padding
[2025-10-18T11:46:05.000Z] Update component styles
[2025-10-19T18:51:54.000Z] Add unit tests
[2025-10-25T16:20:23.000Z] Update test fixtures
[2025-10-27T18:55:46.000Z] Fix test assertion
[2025-11-20T16:56:39.000Z] Expand test coverage
[2025-11-21T19:17:37.000Z] Clean up test helpers
[2025-12-01T13:37:52.000Z] Bump version
[2025-12-20T12:46:37.000Z] Improve type definitions
[2025-10-02T16:23:07.000Z] Tweak build config
[2025-10-03T15:20:48.000Z] Update gitignore
[2025-10-06T10:57:46.000Z] Update environment config
[2025-10-06T12:50:55.000Z] Adjust default settings
[2025-10-06T22:54:13.000Z] Update package scripts
[2025-10-10T11:26:56.000Z] Fix minor typo
[2025-10-10T13:03:40.000Z] Handle edge case in parser
[2025-10-16T18:41:58.000Z] Improve error logging
[2025-10-17T16:19:28.000Z] Add null check
[2025-10-17T17:19:20.000Z] Fix formatting issues
[2025-10-17T20:54:37.000Z] Update constants
[2025-10-21T10:02:58.000Z] Refactor error handling
[2025-10-23T18:15:05.000Z] Tweak styling
[2025-10-25T10:07:07.000Z] Adjust color palette
[2025-10-25T14:33:16.000Z] Fix layout padding
[2025-10-26T22:01:44.000Z] Update component styles
[2025-10-27T12:59:56.000Z] Add unit tests
[2025-10-28T15:13:08.000Z] Update test fixtures
[2025-10-29T11:27:40.000Z] Fix test assertion
[2025-10-29T14:42:14.000Z] Expand test coverage
[2025-10-29T19:22:27.000Z] Clean up test helpers
[2025-11-01T09:11:25.000Z] Bump version
[2025-11-01T15:30:41.000Z] Improve type definitions
[2025-11-04T14:57:26.000Z] Fix linting warnings
[2025-11-05T16:43:13.000Z] Remove dead code
[2025-11-05T22:55:03.000Z] Enhance debug messages
[2025-11-07T19:44:45.000Z] Update comments
[2025-11-08T09:25:54.000Z] Minor performance tweak
[2025-11-08T14:08:51.000Z] Refactor validation rules
[2025-11-11T15:33:51.000Z] Update API response structure
[2025-11-12T21:53:03.000Z] Update docs
[2025-11-15T17:37:44.000Z] Update README.md
[2025-11-17T19:36:29.000Z] Fix typo in documentation
[2025-11-19T22:23:04.000Z] Improve documentation clarity
[2025-11-20T10:24:40.000Z] Add usage examples to docs
[2025-11-20T21:56:22.000Z] Clarify installation instructions
[2025-11-21T20:12:42.000Z] Document configuration options
[2025-11-23T11:20:19.000Z] Update changelog
[2025-11-23T21:52:48.000Z] Minor cleanup
[2025-11-26T18:36:23.000Z] Refactor code
[2025-11-26T21:01:16.000Z] Clean up unused variables
[2025-11-29T18:08:03.000Z] Code formatting
[2025-11-29T18:58:00.000Z] Refactor utility functions
[2025-12-01T10:46:27.000Z] Simplify helper logic
[2025-12-02T20:12:20.000Z] Improve code structure
[2025-12-04T21:02:00.000Z] Reorganize helper modules
[2025-12-05T15:18:38.000Z] Code style improvements
[2025-12-05T19:17:34.000Z] Optimize helper routine
[2025-12-06T10:22:46.000Z] Fix config
[2025-12-06T15:23:01.000Z] Update dependencies
[2025-12-06T17:31:13.000Z] Tweak build config
[2025-12-06T21:13:20.000Z] Update gitignore
[2025-12-11T15:37:02.000Z] Update environment config
[2025-12-11T16:19:38.000Z] Adjust default settings
[2025-12-11T22:44:19.000Z] Update package scripts
[2025-12-12T09:14:57.000Z] Fix minor typo
[2025-12-12T09:50:24.000Z] Handle edge case in parser
[2025-12-12T12:36:50.000Z] Improve error logging
[2025-12-13T09:45:55.000Z] Add null check
[2025-12-13T15:34:47.000Z] Fix formatting issues
[2025-12-13T16:45:16.000Z] Update constants
[2025-12-13T19:33:53.000Z] Refactor error handling
[2025-12-17T20:32:15.000Z] Tweak styling
[2025-12-23T11:19:19.000Z] Adjust color palette
[2025-12-29T20:05:37.000Z] Fix layout padding
[2025-12-30T09:18:31.000Z] Update component styles
[2025-12-30T20:47:13.000Z] Add unit tests
[2026-01-01T10:50:24.000Z] Update test fixtures
[2026-01-01T16:10:04.000Z] Fix test assertion
[2026-01-01T21:39:03.000Z] Expand test coverage
[2026-01-02T12:19:02.000Z] Clean up test helpers
[2026-01-02T14:26:47.000Z] Bump version
[2026-01-02T14:48:52.000Z] Improve type definitions
[2026-01-04T10:12:15.000Z] Fix linting warnings
[2026-01-05T11:10:10.000Z] Remove dead code
[2026-01-06T12:13:36.000Z] Enhance debug messages
[2026-01-06T17:24:00.000Z] Update comments
[2026-01-06T19:36:25.000Z] Minor performance tweak
[2026-01-06T21:58:00.000Z] Refactor validation rules
[2026-01-07T14:26:48.000Z] Update API response structure
[2026-01-10T14:10:03.000Z] Update docs
[2026-01-13T16:20:31.000Z] Update README.md
[2026-01-14T11:47:27.000Z] Fix typo in documentation
[2026-01-14T13:25:25.000Z] Improve documentation clarity
[2026-01-14T20:18:54.000Z] Add usage examples to docs
[2026-01-17T13:30:46.000Z] Clarify installation instructions
[2026-01-17T20:51:52.000Z] Document configuration options
[2026-01-18T10:08:20.000Z] Update changelog
[2026-01-21T12:24:18.000Z] Minor cleanup
[2026-01-21T22:56:01.000Z] Refactor code
[2026-01-22T16:33:29.000Z] Clean up unused variables
[2026-01-23T18:09:12.000Z] Code formatting
[2026-01-23T18:25:35.000Z] Refactor utility functions
[2026-01-24T17:18:04.000Z] Simplify helper logic
[2026-01-24T17:34:08.000Z] Improve code structure
[2026-01-28T11:40:15.000Z] Reorganize helper modules
[2026-01-28T15:04:48.000Z] Code style improvements
[2026-01-28T20:52:05.000Z] Optimize helper routine
[2026-01-30T11:40:48.000Z] Fix config
[2026-01-30T15:28:46.000Z] Update dependencies
[2026-01-01T17:30:43.000Z] Remove dead code
[2026-01-01T19:31:18.000Z] Enhance debug messages
[2026-01-05T10:04:17.000Z] Update comments
[2026-01-06T21:57:28.000Z] Minor performance tweak
[2026-01-08T11:25:02.000Z] Refactor validation rules
[2026-01-08T12:33:33.000Z] Update API response structure
[2026-01-08T13:54:32.000Z] Update docs
[2026-01-08T18:48:11.000Z] Update README.md
[2026-01-09T11:43:47.000Z] Fix typo in documentation
[2026-01-14T16:13:19.000Z] Improve documentation clarity
[2026-01-14T19:04:58.000Z] Add usage examples to docs
[2026-01-14T19:07:53.000Z] Clarify installation instructions
[2026-01-14T20:28:37.000Z] Document configuration options
[2026-01-15T20:10:10.000Z] Update changelog
[2026-01-16T10:16:19.000Z] Minor cleanup
[2026-01-16T18:00:42.000Z] Refactor code
[2026-01-20T12:18:51.000Z] Clean up unused variables
[2026-01-21T11:14:36.000Z] Code formatting
[2026-01-21T21:59:32.000Z] Refactor utility functions
[2026-01-23T18:28:22.000Z] Simplify helper logic
[2026-01-23T18:31:01.000Z] Improve code structure
[2026-01-30T11:35:31.000Z] Reorganize helper modules
[2026-01-30T13:08:54.000Z] Code style improvements
[2026-02-01T10:55:11.000Z] Optimize helper routine
[2026-02-01T16:27:58.000Z] Fix config
[2026-02-04T09:01:06.000Z] Update dependencies
[2026-02-04T09:55:38.000Z] Tweak build config
[2026-02-04T19:00:08.000Z] Update gitignore
[2026-02-04T20:36:52.000Z] Update environment config
[2026-02-06T15:39:17.000Z] Adjust default settings
[2026-02-06T16:21:14.000Z] Update package scripts
[2026-02-06T17:08:01.000Z] Fix minor typo
[2026-02-06T20:03:28.000Z] Handle edge case in parser
[2026-02-07T14:52:32.000Z] Improve error logging
[2026-02-07T18:09:56.000Z] Add null check
[2026-02-09T21:36:35.000Z] Fix formatting issues
[2026-02-10T22:43:06.000Z] Update constants
[2026-02-11T09:28:54.000Z] Refactor error handling
[2026-02-12T13:51:17.000Z] Tweak styling
[2026-02-12T15:50:15.000Z] Adjust color palette
[2026-02-13T11:14:30.000Z] Fix layout padding
[2026-02-14T19:55:25.000Z] Update component styles
[2026-02-14T22:31:21.000Z] Add unit tests
[2026-02-15T12:20:57.000Z] Update test fixtures
[2026-02-17T12:09:11.000Z] Fix test assertion
[2026-02-19T19:03:52.000Z] Expand test coverage
[2026-02-22T11:55:21.000Z] Clean up test helpers
[2026-02-22T12:48:25.000Z] Bump version
[2026-02-22T14:10:02.000Z] Improve type definitions
[2026-02-22T21:49:20.000Z] Fix linting warnings
[2026-02-22T22:07:53.000Z] Remove dead code
[2026-02-25T15:23:52.000Z] Enhance debug messages
[2026-02-26T17:45:34.000Z] Update comments
[2026-02-27T16:59:19.000Z] Minor performance tweak
[2026-02-27T20:56:43.000Z] Refactor validation rules
[2026-02-27T21:30:03.000Z] Update API response structure
[2026-02-28T13:44:54.000Z] Update docs
[2026-02-28T19:55:51.000Z] Update README.md
[2026-02-28T21:21:25.000Z] Fix typo in documentation
[2026-03-01T09:17:29.000Z] Improve documentation clarity
[2026-03-01T10:52:31.000Z] Add usage examples to docs
[2026-03-03T09:21:22.000Z] Clarify installation instructions
[2026-03-03T14:25:02.000Z] Document configuration options
[2026-03-03T22:09:56.000Z] Update changelog
[2026-03-04T20:58:43.000Z] Minor cleanup
[2026-03-06T10:27:30.000Z] Refactor code
[2026-03-06T12:20:53.000Z] Clean up unused variables
[2026-03-06T19:34:36.000Z] Code formatting
[2026-03-07T22:09:34.000Z] Refactor utility functions
[2026-03-08T16:51:23.000Z] Simplify helper logic
[2026-03-11T10:58:59.000Z] Improve code structure
[2026-03-11T11:45:44.000Z] Reorganize helper modules
[2026-03-11T12:34:33.000Z] Code style improvements
[2026-03-11T12:56:36.000Z] Optimize helper routine
[2026-03-11T17:47:10.000Z] Fix config
[2026-03-11T17:49:08.000Z] Update dependencies
[2026-03-12T09:48:24.000Z] Tweak build config
[2026-03-12T17:07:16.000Z] Update gitignore
[2026-03-14T20:40:17.000Z] Update environment config
[2026-03-15T12:55:00.000Z] Adjust default settings
[2026-03-15T15:57:45.000Z] Update package scripts
[2026-03-15T18:19:33.000Z] Fix minor typo
[2026-03-15T21:06:03.000Z] Handle edge case in parser
[2026-03-20T10:17:15.000Z] Improve error logging
[2026-03-20T14:12:33.000Z] Add null check
[2026-03-20T14:37:17.000Z] Fix formatting issues
[2026-03-20T22:32:39.000Z] Update constants
[2026-03-24T11:37:28.000Z] Refactor error handling
[2026-03-25T10:49:35.000Z] Tweak styling
[2026-03-25T14:59:50.000Z] Adjust color palette
[2026-03-25T17:33:51.000Z] Fix layout padding
[2026-03-25T20:05:55.000Z] Update component styles
[2026-03-26T11:58:14.000Z] Add unit tests
[2026-03-26T12:01:53.000Z] Update test fixtures
[2026-03-26T12:29:29.000Z] Fix test assertion
[2026-03-26T14:33:49.000Z] Expand test coverage
[2026-03-26T17:10:20.000Z] Clean up test helpers
[2026-03-26T21:31:55.000Z] Bump version
[2026-03-26T22:30:42.000Z] Improve type definitions
[2026-03-29T10:57:01.000Z] Fix linting warnings
[2026-01-01T09:16:35.000Z] Code refinement and maintenance
[2026-01-18T13:41:32.000Z] Code refinement and maintenance
[2026-01-19T09:27:58.000Z] Code refinement and maintenance
[2026-02-09T13:47:47.000Z] Code refinement and maintenance
[2026-02-20T14:51:04.000Z] Code refinement and maintenance
[2026-02-21T19:06:53.000Z] Code refinement and maintenance
[2026-02-24T12:29:30.000Z] Handle edge case in parser
[2026-02-24T21:53:26.000Z] Improve error logging
[2026-02-25T13:47:02.000Z] Add null check
[2026-02-25T14:33:07.000Z] Fix formatting issues
[2026-02-25T15:03:37.000Z] Update constants
[2026-02-25T15:06:24.000Z] Refactor error handling
[2026-02-25T17:20:07.000Z] Tweak styling
[2026-02-25T17:30:20.000Z] Adjust color palette
[2026-02-25T18:24:34.000Z] Fix layout padding
[2026-02-25T20:04:10.000Z] Update component styles
[2026-02-25T22:54:22.000Z] Add unit tests
[2026-02-26T14:38:47.000Z] Update test fixtures
[2026-02-27T09:44:52.000Z] Fix test assertion
[2026-02-27T20:54:55.000Z] Expand test coverage
[2026-02-28T09:06:33.000Z] Clean up test helpers
[2026-02-28T09:07:10.000Z] Bump version
[2026-02-28T09:31:08.000Z] Improve type definitions
[2026-02-28T11:25:13.000Z] Fix linting warnings
[2026-02-28T11:34:22.000Z] Remove dead code
[2026-02-28T11:54:10.000Z] Enhance debug messages
[2026-02-28T12:32:26.000Z] Update comments
[2026-02-28T15:22:30.000Z] Minor performance tweak
[2026-02-28T16:27:46.000Z] Refactor validation rules
[2026-02-28T18:19:47.000Z] Update API response structure
[2026-02-28T20:57:45.000Z] Update docs
[2026-03-01T11:14:39.000Z] Update README.md
[2026-03-01T13:17:22.000Z] Fix typo in documentation
[2026-03-01T14:49:49.000Z] Improve documentation clarity
[2026-03-02T12:58:19.000Z] Add usage examples to docs
[2026-03-02T13:24:51.000Z] Clarify installation instructions
[2026-03-02T16:22:49.000Z] Document configuration options
[2026-03-03T09:08:37.000Z] Update changelog
[2026-03-03T10:07:42.000Z] Minor cleanup
[2026-03-03T12:47:47.000Z] Refactor code
[2026-03-03T14:22:09.000Z] Clean up unused variables
[2026-03-03T17:48:27.000Z] Code formatting
[2026-03-04T14:43:22.000Z] Refactor utility functions
[2026-03-05T18:22:08.000Z] Simplify helper logic
[2026-03-06T11:30:08.000Z] Improve code structure
[2026-03-06T11:33:38.000Z] Reorganize helper modules
[2026-03-06T11:53:33.000Z] Code style improvements
[2026-03-06T13:25:43.000Z] Optimize helper routine
[2026-03-06T14:45:55.000Z] Fix config
[2026-03-06T15:51:24.000Z] Update dependencies
[2026-03-07T14:47:33.000Z] Tweak build config
[2026-03-07T20:48:20.000Z] Update gitignore
[2026-03-08T12:17:58.000Z] Update environment config
[2026-03-08T15:46:48.000Z] Adjust default settings
[2026-03-09T13:41:04.000Z] Update package scripts
[2026-03-09T14:57:05.000Z] Fix minor typo
[2026-03-10T11:09:44.000Z] Handle edge case in parser
[2026-03-10T12:58:52.000Z] Improve error logging
[2026-03-10T19:49:16.000Z] Add null check
[2026-03-11T10:42:15.000Z] Fix formatting issues
[2026-03-11T11:54:16.000Z] Update constants
[2026-03-11T13:45:35.000Z] Refactor error handling
[2026-03-12T14:08:56.000Z] Tweak styling
[2026-03-12T17:56:13.000Z] Adjust color palette
[2026-03-13T10:58:57.000Z] Fix layout padding
[2026-03-13T11:40:29.000Z] Update component styles
[2026-03-13T12:34:57.000Z] Add unit tests
[2026-03-13T13:26:21.000Z] Update test fixtures
[2026-03-13T14:46:03.000Z] Fix test assertion
[2026-03-13T18:01:23.000Z] Expand test coverage
[2026-03-13T20:43:23.000Z] Clean up test helpers
[2026-03-13T22:29:58.000Z] Bump version
[2026-03-14T17:51:43.000Z] Improve type definitions
[2026-03-15T15:30:41.000Z] Fix linting warnings
[2026-03-16T10:42:59.000Z] Remove dead code
[2026-03-16T13:11:24.000Z] Enhance debug messages
[2026-03-16T18:45:24.000Z] Update comments
[2026-03-17T12:42:13.000Z] Minor performance tweak
[2026-03-17T12:53:48.000Z] Refactor validation rules
[2026-03-17T13:59:18.000Z] Update API response structure
[2026-03-17T14:37:30.000Z] Update docs
[2026-03-17T15:18:11.000Z] Update README.md
[2026-03-17T16:53:48.000Z] Fix typo in documentation
[2026-03-17T19:42:27.000Z] Improve documentation clarity
[2026-03-17T22:21:23.000Z] Add usage examples to docs
[2026-03-17T22:40:25.000Z] Clarify installation instructions
[2026-03-18T21:00:37.000Z] Document configuration options
[2026-03-19T10:21:00.000Z] Update changelog
[2026-03-19T17:47:29.000Z] Minor cleanup
[2026-03-19T20:01:57.000Z] Refactor code
[2026-03-20T14:21:08.000Z] Clean up unused variables
[2026-03-20T20:47:08.000Z] Code formatting
[2026-03-21T14:42:50.000Z] Refactor utility functions
[2026-03-21T18:42:30.000Z] Simplify helper logic
[2026-03-21T21:36:09.000Z] Improve code structure
[2026-03-22T09:27:03.000Z] Reorganize helper modules
[2026-03-23T15:22:11.000Z] Code style improvements
[2026-03-24T11:21:02.000Z] Optimize helper routine
[2026-03-24T19:45:30.000Z] Fix config
[2026-03-24T22:53:13.000Z] Update dependencies
[2026-03-25T10:13:47.000Z] Tweak build config
[2026-03-25T10:41:17.000Z] Update gitignore
[2026-03-25T11:03:18.000Z] Update environment config
[2026-03-25T11:16:11.000Z] Adjust default settings
[2026-03-25T12:42:08.000Z] Update package scripts
[2026-03-25T13:13:31.000Z] Fix minor typo
[2026-03-25T14:56:43.000Z] Handle edge case in parser
[2026-03-25T16:38:22.000Z] Improve error logging
[2026-03-25T20:28:06.000Z] Add null check
[2026-03-25T20:43:41.000Z] Fix formatting issues
[2026-03-26T15:38:34.000Z] Update constants
[2026-03-26T17:42:31.000Z] Refactor error handling
[2026-03-26T20:27:21.000Z] Tweak styling
[2026-03-27T18:24:21.000Z] Adjust color palette
[2026-03-28T10:08:15.000Z] Fix layout padding
[2026-03-28T22:49:34.000Z] Update component styles
[2026-03-29T17:09:14.000Z] Add unit tests
[2026-03-30T17:37:35.000Z] Update test fixtures
[2026-03-30T18:10:04.000Z] Fix test assertion
[2026-03-31T10:48:37.000Z] Expand test coverage
[2026-03-31T16:46:04.000Z] Clean up test helpers
[2026-03-31T17:17:21.000Z] Bump version
[2026-03-31T22:17:07.000Z] Improve type definitions
[2026-04-01T18:09:25.000Z] Fix linting warnings
[2026-04-01T20:45:59.000Z] Remove dead code
[2026-04-02T11:13:45.000Z] Enhance debug messages
[2026-04-02T20:56:07.000Z] Update comments
[2026-04-03T12:03:46.000Z] Minor performance tweak
[2026-04-03T20:00:29.000Z] Refactor validation rules
[2026-04-04T18:40:27.000Z] Update API response structure
[2026-04-05T14:03:26.000Z] Update docs
[2026-04-05T15:12:25.000Z] Update README.md
[2026-04-05T17:27:10.000Z] Fix typo in documentation
[2026-04-05T22:53:59.000Z] Improve documentation clarity
[2026-04-06T09:24:58.000Z] Add usage examples to docs
[2026-04-06T14:20:08.000Z] Clarify installation instructions
[2026-04-07T14:35:43.000Z] Document configuration options
[2026-04-07T16:20:40.000Z] Update changelog
[2026-04-08T10:13:56.000Z] Minor cleanup
[2026-04-08T13:45:40.000Z] Refactor code
[2026-04-09T15:42:58.000Z] Clean up unused variables
[2026-04-10T18:56:15.000Z] Code formatting
[2026-04-10T19:43:41.000Z] Refactor utility functions
[2026-04-11T09:08:13.000Z] Simplify helper logic
[2026-04-11T09:35:24.000Z] Improve code structure
[2026-04-11T12:12:10.000Z] Reorganize helper modules
[2026-04-11T17:15:00.000Z] Code style improvements
[2026-04-11T17:34:26.000Z] Optimize helper routine
[2026-04-11T18:04:44.000Z] Fix config
[2026-04-11T19:32:37.000Z] Update dependencies
[2026-04-11T21:56:13.000Z] Tweak build config
[2026-04-11T22:00:47.000Z] Update gitignore
[2026-04-12T22:16:06.000Z] Update environment config
[2026-04-13T12:51:55.000Z] Adjust default settings
[2026-04-13T20:27:01.000Z] Update package scripts
[2026-04-14T09:39:52.000Z] Fix minor typo
[2026-04-14T13:15:34.000Z] Handle edge case in parser
[2026-04-14T18:55:04.000Z] Improve error logging
[2026-04-14T20:01:54.000Z] Add null check
[2026-04-14T20:48:40.000Z] Fix formatting issues
[2026-04-15T09:52:02.000Z] Update constants
[2026-04-15T12:18:32.000Z] Refactor error handling
[2026-04-15T13:56:05.000Z] Tweak styling
[2026-04-15T18:05:16.000Z] Adjust color palette
[2026-04-15T20:24:52.000Z] Fix layout padding
[2026-04-16T09:15:12.000Z] Update component styles
[2026-04-16T09:53:44.000Z] Add unit tests
[2026-04-16T10:48:27.000Z] Update test fixtures
[2026-04-16T11:22:53.000Z] Fix test assertion
[2026-04-16T13:10:30.000Z] Expand test coverage
[2026-04-16T13:58:16.000Z] Clean up test helpers
[2026-04-16T14:50:13.000Z] Bump version
[2026-04-16T16:39:33.000Z] Improve type definitions
[2026-04-16T20:55:17.000Z] Fix linting warnings
[2026-04-16T21:18:44.000Z] Remove dead code
[2026-04-16T22:12:48.000Z] Enhance debug messages
[2026-04-17T13:11:03.000Z] Update comments
[2026-04-17T14:21:15.000Z] Minor performance tweak
[2026-04-17T15:22:58.000Z] Refactor validation rules
[2026-04-17T16:43:40.000Z] Update API response structure
[2026-04-17T17:45:47.000Z] Update docs
[2026-04-17T18:17:30.000Z] Update README.md
[2026-04-17T21:22:03.000Z] Fix typo in documentation
[2026-04-18T16:40:04.000Z] Improve documentation clarity
[2026-04-18T18:19:30.000Z] Add usage examples to docs
[2026-04-18T20:19:49.000Z] Clarify installation instructions
[2026-04-19T09:48:32.000Z] Document configuration options
[2026-04-20T11:04:06.000Z] Update changelog
[2026-04-20T11:35:51.000Z] Minor cleanup
[2026-04-20T16:50:48.000Z] Refactor code
[2026-04-21T09:53:22.000Z] Clean up unused variables
[2026-04-21T10:52:12.000Z] Code formatting
[2026-04-21T12:45:47.000Z] Refactor utility functions
[2026-04-22T11:08:36.000Z] Simplify helper logic
[2026-04-22T11:28:03.000Z] Improve code structure
[2026-04-22T12:10:46.000Z] Reorganize helper modules
[2026-04-22T13:24:38.000Z] Code style improvements
[2026-04-22T13:37:58.000Z] Optimize helper routine
[2026-04-22T15:17:35.000Z] Fix config
[2026-04-22T22:30:06.000Z] Update dependencies
[2026-04-22T22:30:37.000Z] Tweak build config
[2026-04-23T14:10:30.000Z] Update gitignore
[2026-04-23T20:22:19.000Z] Update environment config
[2026-04-24T13:57:01.000Z] Adjust default settings
[2026-04-24T18:17:57.000Z] Update package scripts
[2026-04-24T18:37:30.000Z] Fix minor typo
[2026-01-01T09:14:30.000Z] Code style improvements
[2026-01-01T13:37:06.000Z] Optimize helper routine
[2026-01-01T20:42:01.000Z] Fix config
[2026-01-03T11:44:16.000Z] Update dependencies
[2026-01-04T13:22:24.000Z] Tweak build config
[2026-01-04T14:22:43.000Z] Update gitignore
[2026-01-05T10:52:38.000Z] Update environment config
[2026-01-05T16:53:40.000Z] Adjust default settings
[2026-01-06T09:49:49.000Z] Update package scripts
[2026-01-06T12:43:10.000Z] Fix minor typo
[2026-01-06T12:54:59.000Z] Handle edge case in parser
[2026-01-06T15:28:01.000Z] Improve error logging
[2026-01-06T17:15:04.000Z] Add null check
[2026-01-06T18:26:30.000Z] Fix formatting issues
[2026-01-06T19:51:09.000Z] Update constants
[2026-01-07T09:36:56.000Z] Refactor error handling
[2026-01-07T10:11:16.000Z] Tweak styling
[2026-01-07T12:20:15.000Z] Adjust color palette
[2026-01-07T12:36:12.000Z] Fix layout padding
[2026-01-07T19:02:38.000Z] Update component styles
[2026-01-07T19:08:59.000Z] Add unit tests
[2026-01-08T18:54:25.000Z] Update test fixtures
[2026-01-08T20:31:33.000Z] Fix test assertion
[2026-01-09T15:29:27.000Z] Expand test coverage
[2026-01-12T12:12:05.000Z] Clean up test helpers
[2026-01-12T13:21:12.000Z] Bump version
[2026-01-12T14:00:38.000Z] Improve type definitions
[2026-01-12T16:23:19.000Z] Fix linting warnings
[2026-01-13T09:08:23.000Z] Remove dead code
[2026-01-13T10:31:59.000Z] Enhance debug messages
[2026-01-14T16:48:16.000Z] Update comments
[2026-01-14T17:27:21.000Z] Minor performance tweak
[2026-01-14T19:48:44.000Z] Refactor validation rules
[2026-01-15T11:38:37.000Z] Update API response structure
[2026-01-16T10:29:32.000Z] Update docs
[2026-01-19T17:24:09.000Z] Update README.md
[2026-01-20T10:11:38.000Z] Fix typo in documentation
[2026-01-20T12:36:49.000Z] Improve documentation clarity
[2026-01-20T12:48:09.000Z] Add usage examples to docs
[2026-01-20T14:37:51.000Z] Clarify installation instructions
[2026-01-20T18:50:40.000Z] Document configuration options
[2026-01-20T18:57:52.000Z] Update changelog
[2026-01-20T20:22:33.000Z] Minor cleanup
[2026-01-20T22:57:20.000Z] Refactor code
[2026-01-21T13:39:02.000Z] Clean up unused variables
[2026-01-21T17:01:28.000Z] Code formatting
[2026-01-22T16:21:56.000Z] Refactor utility functions
[2026-01-22T18:35:24.000Z] Simplify helper logic
[2026-01-22T21:31:02.000Z] Improve code structure
[2026-01-23T11:57:21.000Z] Reorganize helper modules
[2026-01-23T18:37:46.000Z] Code style improvements
[2026-01-24T11:34:18.000Z] Optimize helper routine
[2026-01-24T15:06:06.000Z] Fix config
[2026-01-24T22:32:10.000Z] Update dependencies
[2026-01-24T22:50:41.000Z] Tweak build config
[2026-01-25T14:49:17.000Z] Update gitignore
[2026-01-25T16:06:36.000Z] Update environment config
[2026-01-25T18:16:51.000Z] Adjust default settings
[2026-01-26T12:50:20.000Z] Update package scripts
[2026-01-26T22:02:07.000Z] Fix minor typo
[2026-01-27T13:22:38.000Z] Handle edge case in parser
[2026-01-27T20:05:39.000Z] Improve error logging
[2026-01-27T21:33:46.000Z] Add null check
[2026-01-28T12:38:06.000Z] Fix formatting issues
[2026-01-28T13:50:33.000Z] Update constants
[2026-01-29T19:47:54.000Z] Refactor error handling
[2026-01-29T20:45:08.000Z] Tweak styling
[2026-01-30T09:16:43.000Z] Adjust color palette
[2026-01-30T09:49:44.000Z] Fix layout padding
[2026-01-30T10:15:43.000Z] Update component styles
[2026-01-30T18:42:13.000Z] Add unit tests
[2026-01-30T18:53:13.000Z] Update test fixtures
[2026-01-30T19:42:34.000Z] Fix test assertion
[2026-01-30T20:31:23.000Z] Expand test coverage
[2026-01-30T22:12:38.000Z] Clean up test helpers
[2026-01-30T22:42:51.000Z] Bump version
[2026-01-31T16:44:04.000Z] Improve type definitions
[2026-01-31T21:26:18.000Z] Fix linting warnings
[2026-02-02T14:34:16.000Z] Remove dead code
[2026-02-03T12:36:42.000Z] Enhance debug messages
[2026-02-04T11:24:30.000Z] Update comments
[2026-02-04T15:41:16.000Z] Minor performance tweak
[2026-02-04T15:59:55.000Z] Refactor validation rules
[2026-02-04T18:53:34.000Z] Update API response structure
[2026-02-05T16:48:42.000Z] Update docs
[2026-02-05T22:44:25.000Z] Update README.md
[2026-02-08T11:23:43.000Z] Fix typo in documentation
[2026-02-08T19:57:14.000Z] Improve documentation clarity
[2026-02-08T22:32:45.000Z] Add usage examples to docs
[2026-02-09T10:57:24.000Z] Clarify installation instructions
[2026-02-09T11:48:01.000Z] Document configuration options
[2026-02-09T13:50:17.000Z] Update changelog
[2026-02-09T15:59:09.000Z] Minor cleanup
[2026-02-10T16:08:13.000Z] Refactor code
[2026-02-14T13:16:43.000Z] Clean up unused variables
[2026-02-14T20:31:27.000Z] Code formatting
[2026-02-14T22:05:16.000Z] Refactor utility functions
[2026-02-15T11:23:23.000Z] Simplify helper logic
[2026-02-15T14:09:05.000Z] Improve code structure
[2026-02-16T09:07:41.000Z] Reorganize helper modules
